// Jest Snapshot v1, https://goo.gl/fbAQLP

exports[`Home component should match with snapshot 1`] = `3`;
