// Jest Snapshot v1, https://goo.gl/fbAQLP

exports[`News component should match with snapshot 1`] = `7`;
